// Jest Snapshot v1, https://goo.gl/fbAQLP

exports[`<Foo /> renders correctly 1`] = `
<div
  className="layout"
>
  LAYOUT
</div>
`;
